completed 5/100
completed 10/100
completed 15/100
completed 20/100
completed 25/100
completed 30/100
completed 35/100
completed 40/100
completed 45/100
completed 50/100
completed 55/100
completed 60/100
completed 65/100
completed 70/100
completed 75/100
completed 80/100
completed 85/100
completed 90/100
completed 95/100
completed 100/100
{
  "version": "v7.0.0",
  "coreVersion": "0.20.8",
  "requestedGames": 100,
  "completedValidGames": 100,
  "technicalErrors": 0,
  "wins": [
    24,
    76
  ],
  "deckAudit": [
    {
      "deck": 0,
      "code": "AoBi6AsPJSBi8mkPJkCS9A4TCbFwO5cdCrFA26QgEzIxBjMgDWLialsmDqFw1OcdDkAA",
      "characters": [
        1503,
        2206,
        2504
      ],
      "cards": [
        215032,
        215032,
        222061,
        312004,
        312004,
        312017,
        312017,
        312021,
        312021,
        330005,
        331010,
        331501,
        331501,
        331502,
        331502,
        332002,
        332002,
        332004,
        332004,
        332025,
        332025,
        332045,
        332045,
        332051,
        332054,
        332054,
        332065,
        332065,
        333020,
        333020
      ],
      "characterCount": 3,
      "cardCount": 30
    },
    {
      "deck": 1,
      "code": "FbAA6xwOA8DA7JcPCUBw9KQPE1Ax9jMPFWFxCFcTG7GRO7kZDVGQ29kdJbEi1FwdDkAA",
      "characters": [
        1707,
        1403,
        2701
      ],
      "cards": [
        312004,
        312004,
        312017,
        312021,
        312021,
        312025,
        312025,
        321024,
        321024,
        323004,
        323004,
        330013,
        331011,
        331701,
        331701,
        331702,
        331702,
        332004,
        332004,
        332005,
        332006,
        332006,
        332024,
        332025,
        332025,
        332036,
        332045,
        332045,
        333020,
        333020
      ],
      "characterCount": 3,
      "cardCount": 30
    }
  ]
}
